// Jest Snapshot v1, https://goo.gl/fbAQLP

exports[`Navbar Make "About" item active 1`] = `
<div>
  <div>
    <div
      className="navbar-container"
    >
      
      <div
        className="navbar-text navbar-center"
      >
        <a
          href="/paths"
        >
          Learning Paths
        </a>
      </div>
      <div
        className="navbar-text navbar-right login_button"
      >
        <div
          className="navbar_login"
          id="id_navbar_loginout"
          onClick={[Function]}
        >
          Sign In
        </div>
      </div>
    </div>
  </div>
</div>
`;

exports[`Navbar Make "Introduction" item active 1`] = `
<div>
  <div>
    <div
      className="navbar-container"
    >
      
      <div
        className="navbar-text navbar-center"
      >
        <a
          href="/paths"
        >
          Learning Paths
        </a>
      </div>
      <div
        className="navbar-text navbar-right login_button"
      >
        <div
          className="navbar_login"
          id="id_navbar_loginout"
          onClick={[Function]}
        >
          Sign In
        </div>
      </div>
    </div>
  </div>
</div>
`;

exports[`Navbar No props 1`] = `
<div>
  <div>
    <div
      className="navbar-container"
    >
      
      <div
        className="navbar-text navbar-center"
      >
        <a
          href="/paths"
        >
          Learning Paths
        </a>
      </div>
      <div
        className="navbar-text navbar-right login_button"
      >
        <div
          className="navbar_login"
          id="id_navbar_loginout"
          onClick={[Function]}
        >
          Sign In
        </div>
      </div>
    </div>
  </div>
</div>
`;
